e:\dujia\durunhan\programs\cplusplus\qpiewidget\x64\debug\vc145.pdb
e:\dujia\durunhan\programs\cplusplus\qpiewidget\x64\debug\vc145.idb
e:\dujia\durunhan\programs\cplusplus\qpiewidget\x64\debug\qrc_resource.obj
e:\dujia\durunhan\programs\cplusplus\qpiewidget\x64\debug\main.obj
e:\dujia\durunhan\programs\cplusplus\qpiewidget\x64\debug\qpiewidget.obj
e:\dujia\durunhan\programs\cplusplus\goodssystem\x64\debug\qpiewidget.exe
e:\dujia\durunhan\programs\cplusplus\goodssystem\x64\debug\qpiewidget.pdb
e:\dujia\durunhan\programs\cplusplus\qpiewidget\x64\debug\qt\moc\moc_qpiewidget.cpp
e:\dujia\durunhan\programs\cplusplus\qpiewidget\x64\debug\qt\rcc\qrc_resource.cpp
e:\dujia\durunhan\programs\cplusplus\qpiewidget\x64\debug\qpiewidget.ilk
e:\dujia\durunhan\programs\cplusplus\qpiewidget\x64\debug\qpiewidget.tlog\cl.command.1.tlog
e:\dujia\durunhan\programs\cplusplus\qpiewidget\x64\debug\qpiewidget.tlog\cl.items.tlog
e:\dujia\durunhan\programs\cplusplus\qpiewidget\x64\debug\qpiewidget.tlog\cl.read.1.tlog
e:\dujia\durunhan\programs\cplusplus\qpiewidget\x64\debug\qpiewidget.tlog\cl.write.1.tlog
e:\dujia\durunhan\programs\cplusplus\qpiewidget\x64\debug\qpiewidget.tlog\link.command.1.tlog
e:\dujia\durunhan\programs\cplusplus\qpiewidget\x64\debug\qpiewidget.tlog\link.read.1.tlog
e:\dujia\durunhan\programs\cplusplus\qpiewidget\x64\debug\qpiewidget.tlog\link.secondary.1.tlog
e:\dujia\durunhan\programs\cplusplus\qpiewidget\x64\debug\qpiewidget.tlog\link.write.1.tlog
e:\dujia\durunhan\programs\cplusplus\qpiewidget\x64\debug\qpiewidget.tlog\moc.read.1u.tlog
e:\dujia\durunhan\programs\cplusplus\qpiewidget\x64\debug\qpiewidget.tlog\moc.write.1u.tlog
e:\dujia\durunhan\programs\cplusplus\qpiewidget\x64\debug\qpiewidget.tlog\qpiewidget.write.1u.tlog
e:\dujia\durunhan\programs\cplusplus\qpiewidget\x64\debug\qpiewidget.tlog\rcc.read.1u.tlog
e:\dujia\durunhan\programs\cplusplus\qpiewidget\x64\debug\qpiewidget.tlog\rcc.write.1u.tlog
